(cx-gui-do cx-activate-item "MenuBar*ImportSubMenu*I-deas Universal...")
(cx-gui-do cx-set-text-entry "Select File*Text" "tube2d.unv")
(cx-gui-do cx-activate-item "Select File*OK")
(cx-gui-do cx-activate-item "MenuBar*GridMenu*Check")
(cx-gui-do cx-activate-item "MenuBar*ModelsSubMenu*Energy...")
(cx-gui-do cx-set-toggle-button "Energy*Frame1(Energy)*Table1(Energy)*Frame1*ToggleBox1*CheckButton1(Energy Equation)" #f)
(cx-gui-do cx-activate-item "Energy*Frame1(Energy)*Table1(Energy)*Frame1*ToggleBox1*CheckButton1(Energy Equation)")
(cx-gui-do cx-activate-item "Energy*PanelButtons*PushButton1(OK)")
(cx-gui-do cx-activate-item "MenuBar*DefineMenu*Boundary Conditions...")
(cx-gui-do cx-set-list-selections "Boundary Conditions*Table1*Frame1*List1(Zone)" '( 0))
(cx-gui-do cx-activate-item "Boundary Conditions*Table1*Frame1*List1(Zone)")
(cx-gui-do cx-set-list-selections "Boundary Conditions*Table1*Frame2*List2(Type)" '( 12))
(cx-gui-do cx-activate-item "Boundary Conditions*Table1*Frame2*List2(Type)")
(cx-gui-do cx-activate-item "Question*OK")
(cx-gui-do cx-set-list-selections "Boundary Conditions*Table1*Frame1*List1(Zone)" '( 0))
(cx-gui-do cx-activate-item "Boundary Conditions*Table1*Frame1*List1(Zone)")
(cx-gui-do cx-set-real-entry-list "velocity-inlet-5-1*Frame4*Frame3(Momentum)*Table1*Table4*RealEntry2(Velocity Magnitude)" '( 0.05))
(cx-gui-do cx-set-text-entry "velocity-inlet-5-1*TextEntry1(Zone Name)" "input")
(cx-gui-do cx-set-real-entry-list "velocity-inlet-5-1*Frame4*Frame4(Thermal)*Table1*Table1*RealEntry2(Temperature)" '( 270))
(cx-gui-do cx-activate-item "velocity-inlet-5-1*PanelButtons*PushButton1(OK)")
(cx-gui-do cx-set-list-selections "Boundary Conditions*Table1*Frame1*List1(Zone)" '( 4))
(cx-gui-do cx-activate-item "Boundary Conditions*Table1*Frame1*List1(Zone)")
(cx-gui-do cx-set-list-selections "Boundary Conditions*Table1*Frame1*List1(Zone)" '( 0))
(cx-gui-do cx-activate-item "Boundary Conditions*Table1*Frame1*List1(Zone)")
(cx-gui-do cx-set-list-selections "Boundary Conditions*Table1*Frame2*List2(Type)" '( 10))
(cx-gui-do cx-activate-item "Boundary Conditions*Table1*Frame2*List2(Type)")
(cx-gui-do cx-activate-item "Question*OK")
(cx-gui-do cx-set-list-selections "Boundary Conditions*Table1*Frame1*List1(Zone)" '( 0))
(cx-gui-do cx-activate-item "Boundary Conditions*Table1*Frame1*List1(Zone)")
(cx-gui-do cx-activate-item "pressure-outlet-4-1*PanelButtons*PushButton1(OK)")
(cx-gui-do cx-set-list-selections "Boundary Conditions*Table1*Frame1*List1(Zone)" '( 4))
(cx-gui-do cx-activate-item "Boundary Conditions*Table1*Frame1*List1(Zone)")
(cx-gui-do cx-set-list-selections "Boundary Conditions*Table1*Frame1*List1(Zone)" '( 1))
(cx-gui-do cx-activate-item "Boundary Conditions*Table1*Frame1*List1(Zone)")
(cx-gui-do cx-activate-item "Boundary Conditions*PanelButtons*PushButton1(OK)")
(cx-gui-do cx-set-toggle-button "wall-2-1*Frame4*Frame4(Thermal)*Frame1*Frame1(Thermal Conditions)*Frame1*ToggleBox1*Temperature" #f)
(cx-gui-do cx-activate-item "wall-2-1*Frame4*Frame4(Thermal)*Frame1*Frame1(Thermal Conditions)*Frame1*ToggleBox1*Temperature")
(cx-gui-do cx-set-real-entry-list "wall-2-1*Frame4*Frame4(Thermal)*Frame1*Frame1(Thermal Conditions)*Table7*Table1*RealEntry2(Temperature)" '( 330))
(cx-gui-do cx-activate-item "wall-2-1*PanelButtons*PushButton1(OK)")
(cx-gui-do cx-set-list-selections "Boundary Conditions*Table1*Frame1*List1(Zone)" '( 4))
(cx-gui-do cx-activate-item "Boundary Conditions*Table1*Frame1*List1(Zone)")
(cx-gui-do cx-activate-item "Boundary Conditions*PanelButtons*PushButton2(Cancel)")
(cx-gui-do cx-activate-item "MenuBar*InitializeSubMenu*Initialize...")
(cx-gui-do cx-set-list-selections "Solution Initialization*DropDownList1(Compute From)" '( 2))
(cx-gui-do cx-activate-item "Solution Initialization*DropDownList1(Compute From)")
(cx-gui-do cx-set-list-selections "Solution Initialization*DropDownList1(Compute From)" '( 1))
(cx-gui-do cx-activate-item "Solution Initialization*DropDownList1(Compute From)")
(cx-gui-do cx-set-real-entry-list "Solution Initialization*Frame3(Initial Values)*Table3(Initial Values)*RealEntry2(X Velocity)" '( 0.1))
(cx-gui-do cx-set-real-entry-list "Solution Initialization*Frame3(Initial Values)*Table3(Initial Values)*RealEntry3(Y Velocity)" '( 0.05))
(cx-gui-do cx-set-real-entry-list "Solution Initialization*Frame3(Initial Values)*Table3(Initial Values)*RealEntry4(Temperature)" '( 280))
(cx-gui-do cx-activate-item "Solution Initialization*PanelButtons*PushButton1(OK)")
(cx-gui-do cx-activate-item "Solution Initialization*PanelButtons*PushButton2(Cancel)")
(cx-gui-do cx-activate-item "MenuBar*MonitorsSubMenu*Residual...")
(cx-gui-do cx-set-toggle-button "Residual Monitors*Table1*Frame1(Options)*ToggleBox1(Options)*CheckButton2(Plot)" #f)
(cx-gui-do cx-activate-item "Residual Monitors*Table1*Frame1(Options)*ToggleBox1(Options)*CheckButton2(Plot)")
(cx-gui-do cx-activate-item "Residual Monitors*PanelButtons*PushButton1(OK)")
(cx-gui-do cx-activate-item "MenuBar*SolveMenu*Iterate...")
(cx-gui-do cx-set-integer-entry "Iterate*Table1*Frame2(Iteration)*Table2(Iteration)*IntegerEntry1(Number of Iterations)" 200)
(cx-gui-do cx-activate-item "Iterate*PanelButtons*PushButton1(OK)")
(cx-gui-do cx-activate-item "Iterate*PanelButtons*PushButton2(Cancel)")
(cx-gui-do cx-activate-item "MenuBar*DisplayMenu*Grid...")
(cx-gui-do cx-activate-item "Grid Display*PanelButtons*PushButton2(Cancel)")
(cx-gui-do cx-activate-item "MenuBar*WriteSubMenu*Stop Journal")
